// Jest Snapshot v1, https://goo.gl/fbAQLP

exports[`<RegisterEmployee /> should render without crashing 1`] = `ShallowWrapper {}`;
